>>> BaseGeometry = __import__('7-base_geometry').BaseGeometry
>>> bg = BaseGeometry()

# Testing valid integer for "age"
>>> bg.integer_validator("age", 1)

# Testing zero and negative values for "age"
>>> bg.integer_validator("age", 0)
Traceback (most recent call last):
    ...
ValueError: age must be greater than 0

>>> bg.integer_validator("age", -4)
Traceback (most recent call last):
    ...
ValueError: age must be greater than 0

# Testing invalid types for "age"
>>> bg.integer_validator("age", "4")
Traceback (most recent call last):
    ...
TypeError: age must be an integer

>>> bg.integer_validator("age", (4,))
Traceback (most recent call last):
    ...
TypeError: age must be an integer

>>> bg.integer_validator("age", [3])
Traceback (most recent call last):
    ...
TypeError: age must be an integer

>>> bg.integer_validator("age", True)
Traceback (most recent call last):
    ...
TypeError: age must be an integer

>>> bg.integer_validator("age", {3, 4})
Traceback (most recent call last):
    ...
TypeError: age must be an integer

>>> bg.integer_validator("age", None)
Traceback (most recent call last):
    ...
TypeError: age must be an integer
